// Vitest Snapshot v1, https://vitest.dev/guide/snapshot.html

exports[`artifact rendering > builds a research brief from curated content when a known comparison exists 1`] = `
"# Unvibe Research Brief

Topic: Yjs vs Automerge
Project context: We need collaborative editing for an existing product.

## Differences That Matter
- Yjs is usually the lower-friction choice when you want a proven CRDT ecosystem and adapter coverage for web collaboration today.
- Automerge can be easier to reason about if local-first semantics and offline-first state ownership are central to the product.
- The deciding factor is usually not raw CRDT theory; it is which integration path better fits your existing app and rollout risk.

## Quiz
- Which option better matches your current integration path in the existing app?
- If collaboration fails mid-session, which tool leaves you with the safer operational fallback?
- What would make the extra flexibility of the alternative worth the migration cost?
"
`;

exports[`artifact rendering > renders a plan artifact that references recent decisions and focus areas 1`] = `
"# Unvibe Plan

Task: Add collaborative cursors to the whiteboard experience.
Context: new_feature

## Recommended Focus
- current_state_contracts
- failure_modes
- change_strategy

## Prior Decisions
- Why this realtime layer?
  Use Yjs because it already fits the collaborative editing model we want.

## Research Inputs
- research/yjs-vs-automerge.md

## Execution Shape
- Confirm the smallest useful slice before coding.
- Protect existing contracts and failure modes first.
- Keep rollout reversible and verify the fastest trustworthy signal.
"
`;

exports[`artifact rendering > renders a session summary from recent work 1`] = `
"# Unvibe Session Summary

Timestamp: 2026-04-14T13:00:00.000Z

## Demonstrated Clearly
- idempotency
- blast_radius

## Decisions Made
- Use Postgres because the schema will grow with multi-user workflows.
- Keep the initial rollout behind a feature flag.

## Reinforce Next Time
- rollback planning
"
`;
